
> my-project@0.1.0 dev C:\wamp64\www\robert_ai\frontend
> next dev

▲ Next.js 16.3.0 (Turbopack)
- Local:         http://localhost:3000
- Network:       http://11.0.0.110:3000
- Environments: .env.local, .env.development
✓ Ready in 7.4s
✓ Running next.config.mjs took 47ms
Creating turbopack project { dir: 'C:\\wamp64\\www\\robert_ai\\frontend', testMode: true }

 GET / 200 in 1735ms (next.js: 1034ms, application-code: 701ms)
 GET / 200 in 115ms (next.js: 21ms, application-code: 94ms)
 GET /login 200 in 220ms (next.js: 72ms, application-code: 149ms)
 GET /login 200 in 239ms (next.js: 17ms, application-code: 222ms)
 GET /login 200 in 183ms (next.js: 32ms, application-code: 150ms)
 GET /login 200 in 183ms (next.js: 118ms, application-code: 65ms)
 GET / 200 in 113ms (next.js: 22ms, application-code: 91ms)
 GET /login 200 in 168ms (next.js: 21ms, application-code: 148ms)
 GET /login 200 in 208ms (next.js: 21ms, application-code: 187ms)
 GET /login 200 in 131ms (next.js: 36ms, application-code: 96ms)
 GET /login 200 in 133ms (next.js: 72ms, application-code: 60ms)
 GET / 200 in 52ms (next.js: 15ms, application-code: 37ms)
 GET /login 200 in 71ms (next.js: 21ms, application-code: 50ms)
 GET /signup 200 in 136ms (next.js: 78ms, application-code: 58ms)
 GET /verify 200 in 114ms (next.js: 70ms, application-code: 44ms)
 GET / 200 in 66ms (next.js: 13ms, application-code: 53ms)
 GET /login 200 in 76ms (next.js: 19ms, application-code: 57ms)
 GET /login 200 in 189ms (next.js: 23ms, application-code: 165ms)
 GET / 200 in 81ms (next.js: 19ms, application-code: 63ms)
 GET /login 200 in 75ms (next.js: 17ms, application-code: 58ms)
 GET / 200 in 140ms (next.js: 25ms, application-code: 115ms)
 GET /admin/knowledge 200 in 112ms (next.js: 69ms, application-code: 43ms)
 GET / 200 in 56ms (next.js: 16ms, application-code: 40ms)
 GET /verify 200 in 192ms (next.js: 49ms, application-code: 143ms)
 GET / 200 in 192ms (next.js: 90ms, application-code: 102ms)
 GET /login 200 in 193ms (next.js: 134ms, application-code: 59ms)
✓ Compiled in 184ms
 GET /verify 200 in 656ms (next.js: 146ms, application-code: 510ms)
 GET / 200 in 725ms (next.js: 325ms, application-code: 400ms)
 GET /login 200 in 863ms (next.js: 283ms, application-code: 580ms)
 GET /verify 200 in 486ms (next.js: 18ms, application-code: 469ms)
 GET / 200 in 557ms (next.js: 129ms, application-code: 428ms)
 GET /login 200 in 628ms (next.js: 73ms, application-code: 556ms)
 GET /verify 200 in 441ms (next.js: 24ms, application-code: 417ms)
 GET / 200 in 530ms (next.js: 138ms, application-code: 392ms)
 GET /login 200 in 562ms (next.js: 82ms, application-code: 481ms)
 GET /verify 200 in 353ms (next.js: 21ms, application-code: 332ms)
 GET / 200 in 339ms (next.js: 111ms, application-code: 228ms)
 GET /login 200 in 358ms (next.js: 76ms, application-code: 282ms)
 GET /verify 200 in 198ms (next.js: 13ms, application-code: 185ms)
 GET / 200 in 147ms (next.js: 71ms, application-code: 76ms)
 GET /login 200 in 204ms (next.js: 57ms, application-code: 147ms)
 GET /verify 200 in 715ms (next.js: 107ms, application-code: 609ms)
 GET / 200 in 707ms (next.js: 171ms, application-code: 535ms)
 GET /login 200 in 857ms (next.js: 135ms, application-code: 722ms)
 GET /verify 200 in 658ms (next.js: 42ms, application-code: 616ms)
 GET / 200 in 730ms (next.js: 135ms, application-code: 595ms)
 GET /login 200 in 773ms (next.js: 80ms, application-code: 694ms)
 GET /verify 200 in 656ms (next.js: 288ms, application-code: 369ms)
 GET / 200 in 566ms (next.js: 302ms, application-code: 264ms)
 GET /login 200 in 758ms (next.js: 360ms, application-code: 398ms)
 GET /verify 200 in 374ms (next.js: 25ms, application-code: 349ms)
 GET / 200 in 418ms (next.js: 99ms, application-code: 318ms)
 GET /login 200 in 465ms (next.js: 53ms, application-code: 413ms)
 GET /verify 200 in 373ms (next.js: 22ms, application-code: 351ms)
 GET / 200 in 439ms (next.js: 92ms, application-code: 346ms)
 GET /login 200 in 473ms (next.js: 52ms, application-code: 421ms)
 GET /verify 200 in 359ms (next.js: 36ms, application-code: 323ms)
 GET / 200 in 367ms (next.js: 48ms, application-code: 319ms)
 GET /login 200 in 503ms (next.js: 79ms, application-code: 424ms)
 GET /verify 200 in 349ms (next.js: 16ms, application-code: 333ms)
 GET / 200 in 420ms (next.js: 97ms, application-code: 324ms)
 GET /login 200 in 494ms (next.js: 57ms, application-code: 438ms)
 GET /verify 200 in 354ms (next.js: 14ms, application-code: 339ms)
 GET / 200 in 385ms (next.js: 47ms, application-code: 338ms)
 GET /login 200 in 498ms (next.js: 54ms, application-code: 444ms)
 GET /verify 200 in 358ms (next.js: 14ms, application-code: 344ms)
 GET / 200 in 424ms (next.js: 99ms, application-code: 326ms)
 GET /login 200 in 495ms (next.js: 60ms, application-code: 435ms)
 GET /verify 200 in 352ms (next.js: 16ms, application-code: 336ms)
 GET / 200 in 379ms (next.js: 55ms, application-code: 324ms)
 GET /login 200 in 488ms (next.js: 59ms, application-code: 429ms)
 GET /verify 200 in 345ms (next.js: 18ms, application-code: 327ms)
 GET / 200 in 407ms (next.js: 92ms, application-code: 314ms)
 GET /login 200 in 477ms (next.js: 57ms, application-code: 419ms)
 GET /verify 200 in 341ms (next.js: 19ms, application-code: 322ms)
 GET / 200 in 369ms (next.js: 52ms, application-code: 317ms)
 GET /login 200 in 483ms (next.js: 54ms, application-code: 429ms)
 GET /verify 200 in 346ms (next.js: 14ms, application-code: 332ms)
 GET / 200 in 372ms (next.js: 49ms, application-code: 324ms)
 GET /login 200 in 476ms (next.js: 54ms, application-code: 422ms)
 GET /verify 200 in 344ms (next.js: 15ms, application-code: 329ms)
 GET / 200 in 368ms (next.js: 55ms, application-code: 313ms)
 GET /login 200 in 470ms (next.js: 56ms, application-code: 414ms)
 GET /verify 200 in 330ms (next.js: 23ms, application-code: 306ms)
 GET / 200 in 350ms (next.js: 51ms, application-code: 299ms)
 GET /login 200 in 449ms (next.js: 55ms, application-code: 395ms)
 GET /verify 200 in 318ms (next.js: 14ms, application-code: 305ms)
 GET / 200 in 354ms (next.js: 50ms, application-code: 305ms)
 GET /login 200 in 460ms (next.js: 53ms, application-code: 406ms)
 GET /verify 200 in 330ms (next.js: 15ms, application-code: 315ms)
 GET / 200 in 357ms (next.js: 56ms, application-code: 301ms)
 GET /login 200 in 459ms (next.js: 50ms, application-code: 409ms)
 GET /verify 200 in 329ms (next.js: 12ms, application-code: 318ms)
 GET / 200 in 377ms (next.js: 57ms, application-code: 320ms)
 GET /login 200 in 482ms (next.js: 48ms, application-code: 434ms)
 GET /verify 200 in 348ms (next.js: 15ms, application-code: 333ms)
 GET / 200 in 440ms (next.js: 87ms, application-code: 353ms)
 GET /login 200 in 516ms (next.js: 54ms, application-code: 461ms)
 GET /verify 200 in 385ms (next.js: 14ms, application-code: 372ms)
 GET / 200 in 457ms (next.js: 100ms, application-code: 357ms)
 GET /verify 200 in 378ms (next.js: 13ms, application-code: 365ms)
 GET /login 200 in 528ms (next.js: 55ms, application-code: 472ms)
 GET / 200 in 407ms (next.js: 72ms, application-code: 335ms)
 GET /login 200 in 518ms (next.js: 61ms, application-code: 457ms)
 GET /verify 200 in 352ms (next.js: 17ms, application-code: 335ms)
 GET / 200 in 423ms (next.js: 99ms, application-code: 324ms)
 GET /login 200 in 509ms (next.js: 63ms, application-code: 446ms)
 GET /verify 200 in 362ms (next.js: 14ms, application-code: 348ms)
 GET / 200 in 392ms (next.js: 54ms, application-code: 338ms)
 GET /login 200 in 512ms (next.js: 58ms, application-code: 454ms)
 GET /verify 200 in 369ms (next.js: 13ms, application-code: 356ms)
 GET / 200 in 402ms (next.js: 57ms, application-code: 346ms)
 GET /login 200 in 517ms (next.js: 55ms, application-code: 461ms)
 GET /verify 200 in 377ms (next.js: 27ms, application-code: 350ms)
 GET / 200 in 450ms (next.js: 99ms, application-code: 351ms)
 GET /login 200 in 532ms (next.js: 71ms, application-code: 461ms)
 GET /verify 200 in 376ms (next.js: 16ms, application-code: 361ms)
 GET / 200 in 401ms (next.js: 55ms, application-code: 346ms)
 GET /login 200 in 521ms (next.js: 64ms, application-code: 457ms)
 GET /verify 200 in 371ms (next.js: 18ms, application-code: 353ms)
 GET / 200 in 436ms (next.js: 100ms, application-code: 336ms)
 GET /login 200 in 452ms (next.js: 61ms, application-code: 391ms)
 GET /verify 200 in 293ms (next.js: 15ms, application-code: 277ms)
 GET / 200 in 281ms (next.js: 97ms, application-code: 184ms)
 GET /login 200 in 294ms (next.js: 59ms, application-code: 235ms)
 GET /verify 200 in 152ms (next.js: 15ms, application-code: 137ms)
 GET / 200 in 98ms (next.js: 52ms, application-code: 45ms)
 GET /login 200 in 154ms (next.js: 59ms, application-code: 95ms)
 GET /forgot-password 200 in 949ms (next.js: 698ms, application-code: 251ms)
 GET /reset-password 200 in 343ms (next.js: 281ms, application-code: 62ms)
 GET /login 200 in 107ms (next.js: 43ms, application-code: 64ms)
 GET /forgot-password 200 in 72ms (next.js: 24ms, application-code: 49ms)
 GET /reset-password 200 in 104ms (next.js: 21ms, application-code: 83ms)
 GET /login 200 in 67ms (next.js: 19ms, application-code: 48ms)
 GET / 200 in 48ms (next.js: 14ms, application-code: 34ms)
 GET /health-assessment 200 in 140ms (next.js: 84ms, application-code: 56ms)
 GET / 200 in 65ms (next.js: 16ms, application-code: 49ms)
 GET / 200 in 484ms (next.js: 16ms, application-code: 468ms)
 GET / 200 in 163ms (next.js: 18ms, application-code: 145ms)
 GET /health-assessment 200 in 102ms (next.js: 42ms, application-code: 60ms)
 GET / 200 in 55ms (next.js: 9ms, application-code: 46ms)
 GET / 200 in 77ms (next.js: 11ms, application-code: 66ms)
 GET /admin/knowledge 200 in 63ms (next.js: 22ms, application-code: 41ms)
✓ Compiled in 182ms
 GET /verify 200 in 128ms (next.js: 14ms, application-code: 115ms)
 GET /login 200 in 187ms (next.js: 9ms, application-code: 178ms)
 GET / 200 in 57ms (next.js: 14ms, application-code: 43ms)
 GET / 200 in 95ms (next.js: 12ms, application-code: 83ms)
✓ Compiled in 589ms
 GET /verify 200 in 142ms (next.js: 16ms, application-code: 126ms)
 GET /login 200 in 144ms (next.js: 54ms, application-code: 90ms)
 GET / 200 in 49ms (next.js: 14ms, application-code: 35ms)
✓ Compiled in 266ms
 GET /verify 200 in 161ms (next.js: 59ms, application-code: 103ms)
 GET /login 200 in 166ms (next.js: 12ms, application-code: 154ms)
 GET / 200 in 59ms (next.js: 19ms, application-code: 40ms)
 GET /admin/knowledge 200 in 45ms (next.js: 8ms, application-code: 37ms)
 GET / 200 in 26ms (next.js: 5ms, application-code: 21ms)
 GET /admin/knowledge 200 in 33ms (next.js: 7ms, application-code: 26ms)
 GET / 200 in 29ms (next.js: 6ms, application-code: 23ms)
 GET /admin/knowledge 200 in 37ms (next.js: 7ms, application-code: 30ms)
 GET / 200 in 28ms (next.js: 6ms, application-code: 23ms)
✓ Compiled in 208ms
✓ Compiled in 182ms
 GET /verify 200 in 769ms (next.js: 354ms, application-code: 415ms)
 GET / 200 in 464ms (next.js: 126ms, application-code: 338ms)
 GET /login 200 in 872ms (next.js: 131ms, application-code: 740ms)
 GET /verify 200 in 378ms (next.js: 77ms, application-code: 301ms)
 GET / 200 in 353ms (next.js: 63ms, application-code: 290ms)
 GET /login 200 in 527ms (next.js: 74ms, application-code: 453ms)
 GET /verify 200 in 337ms (next.js: 54ms, application-code: 283ms)
 GET /login 200 in 454ms (next.js: 47ms, application-code: 406ms)
 GET / 200 in 359ms (next.js: 50ms, application-code: 309ms)
 GET /verify 200 in 335ms (next.js: 17ms, application-code: 318ms)
 GET /login 200 in 502ms (next.js: 65ms, application-code: 437ms)
 GET / 200 in 396ms (next.js: 48ms, application-code: 348ms)
 GET /verify 200 in 351ms (next.js: 12ms, application-code: 339ms)
 GET /login 200 in 479ms (next.js: 79ms, application-code: 400ms)
 GET / 200 in 361ms (next.js: 41ms, application-code: 320ms)
 GET /verify 200 in 243ms (next.js: 19ms, application-code: 224ms)
 GET /login 200 in 367ms (next.js: 73ms, application-code: 294ms)
 GET / 200 in 242ms (next.js: 67ms, application-code: 175ms)
 GET /login 200 in 238ms (next.js: 123ms, application-code: 115ms)
 GET / 200 in 545ms (next.js: 133ms, application-code: 412ms)
 GET /verify 200 in 554ms (next.js: 179ms, application-code: 375ms)
 GET /login 200 in 832ms (next.js: 86ms, application-code: 746ms)
 GET / 200 in 618ms (next.js: 61ms, application-code: 558ms)
 GET /verify 200 in 618ms (next.js: 96ms, application-code: 523ms)
 GET /login 200 in 752ms (next.js: 22ms, application-code: 731ms)
 GET / 200 in 660ms (next.js: 391ms, application-code: 269ms)
 GET /verify 200 in 661ms (next.js: 357ms, application-code: 304ms)
 GET /login 200 in 716ms (next.js: 288ms, application-code: 428ms)
 GET /verify 200 in 337ms (next.js: 63ms, application-code: 274ms)
 GET / 200 in 337ms (next.js: 93ms, application-code: 244ms)
 GET /login 200 in 388ms (next.js: 26ms, application-code: 362ms)
 GET /verify 200 in 293ms (next.js: 43ms, application-code: 249ms)
 GET / 200 in 326ms (next.js: 81ms, application-code: 246ms)
 GET /login 200 in 381ms (next.js: 17ms, application-code: 364ms)
 GET /verify 200 in 309ms (next.js: 49ms, application-code: 260ms)
 GET / 200 in 333ms (next.js: 80ms, application-code: 253ms)
 GET /login 200 in 383ms (next.js: 18ms, application-code: 366ms)
 GET /verify 200 in 302ms (next.js: 54ms, application-code: 248ms)
 GET / 200 in 326ms (next.js: 46ms, application-code: 280ms)
 GET /login 200 in 383ms (next.js: 10ms, application-code: 373ms)
 GET /verify 200 in 292ms (next.js: 57ms, application-code: 235ms)
 GET / 200 in 296ms (next.js: 38ms, application-code: 258ms)
 GET /login 200 in 394ms (next.js: 46ms, application-code: 348ms)
 GET /verify 200 in 314ms (next.js: 45ms, application-code: 269ms)
 GET / 200 in 308ms (next.js: 46ms, application-code: 262ms)
 GET /login 200 in 384ms (next.js: 38ms, application-code: 346ms)
 GET /verify 200 in 312ms (next.js: 43ms, application-code: 269ms)
 GET / 200 in 281ms (next.js: 34ms, application-code: 247ms)
 GET /login 200 in 381ms (next.js: 14ms, application-code: 367ms)
 GET /verify 200 in 328ms (next.js: 47ms, application-code: 281ms)
 GET / 200 in 330ms (next.js: 79ms, application-code: 251ms)
 GET /login 200 in 378ms (next.js: 13ms, application-code: 366ms)
 GET /verify 200 in 322ms (next.js: 49ms, application-code: 272ms)
 GET / 200 in 310ms (next.js: 50ms, application-code: 260ms)
 GET /login 200 in 370ms (next.js: 10ms, application-code: 359ms)
 GET /verify 200 in 301ms (next.js: 52ms, application-code: 248ms)
 GET / 200 in 287ms (next.js: 38ms, application-code: 249ms)
 GET /login 200 in 386ms (next.js: 52ms, application-code: 335ms)
 GET /verify 200 in 277ms (next.js: 46ms, application-code: 230ms)
 GET / 200 in 292ms (next.js: 38ms, application-code: 254ms)
 GET /login 200 in 369ms (next.js: 37ms, application-code: 333ms)
 GET /verify 200 in 271ms (next.js: 44ms, application-code: 228ms)
 GET / 200 in 288ms (next.js: 39ms, application-code: 248ms)
 GET /login 200 in 365ms (next.js: 39ms, application-code: 327ms)
 GET /verify 200 in 294ms (next.js: 42ms, application-code: 252ms)
 GET / 200 in 296ms (next.js: 40ms, application-code: 256ms)
 GET /login 200 in 389ms (next.js: 46ms, application-code: 343ms)
 GET /verify 200 in 324ms (next.js: 43ms, application-code: 282ms)
 GET / 200 in 292ms (next.js: 35ms, application-code: 257ms)
 GET /login 200 in 381ms (next.js: 10ms, application-code: 370ms)
 GET /verify 200 in 345ms (next.js: 49ms, application-code: 296ms)
 GET / 200 in 349ms (next.js: 77ms, application-code: 272ms)
 GET /login 200 in 396ms (next.js: 12ms, application-code: 384ms)
 GET /verify 200 in 318ms (next.js: 51ms, application-code: 267ms)
 GET / 200 in 302ms (next.js: 45ms, application-code: 257ms)
 GET /login 200 in 374ms (next.js: 22ms, application-code: 352ms)
 GET /verify 200 in 293ms (next.js: 51ms, application-code: 242ms)
 GET / 200 in 257ms (next.js: 45ms, application-code: 212ms)
 GET /login 200 in 378ms (next.js: 45ms, application-code: 333ms)
 GET /verify 200 in 288ms (next.js: 39ms, application-code: 249ms)
 GET / 200 in 232ms (next.js: 10ms, application-code: 221ms)
 GET /login 200 in 357ms (next.js: 35ms, application-code: 322ms)
 GET /verify 200 in 297ms (next.js: 41ms, application-code: 256ms)
 GET /login 200 in 373ms (next.js: 35ms, application-code: 339ms)
 GET / 200 in 275ms (next.js: 15ms, application-code: 260ms)
 GET /verify 200 in 346ms (next.js: 71ms, application-code: 275ms)
 GET /login 200 in 406ms (next.js: 45ms, application-code: 361ms)
 GET / 200 in 298ms (next.js: 11ms, application-code: 287ms)
 GET /verify 200 in 335ms (next.js: 68ms, application-code: 268ms)
 GET /login 200 in 418ms (next.js: 40ms, application-code: 378ms)
 GET / 200 in 312ms (next.js: 10ms, application-code: 301ms)
 GET /verify 200 in 337ms (next.js: 86ms, application-code: 251ms)
 GET /login 200 in 412ms (next.js: 48ms, application-code: 364ms)
 GET / 200 in 280ms (next.js: 10ms, application-code: 271ms)
 GET /verify 200 in 275ms (next.js: 53ms, application-code: 222ms)
 GET /login 200 in 391ms (next.js: 50ms, application-code: 340ms)
 GET / 200 in 294ms (next.js: 38ms, application-code: 257ms)
 GET /verify 200 in 273ms (next.js: 13ms, application-code: 260ms)
 GET /login 200 in 382ms (next.js: 48ms, application-code: 335ms)
 GET / 200 in 302ms (next.js: 37ms, application-code: 265ms)
 GET /verify 200 in 280ms (next.js: 13ms, application-code: 267ms)
 GET /login 200 in 410ms (next.js: 64ms, application-code: 346ms)
 GET / 200 in 311ms (next.js: 44ms, application-code: 268ms)
 GET /verify 200 in 311ms (next.js: 12ms, application-code: 300ms)
 GET /login 200 in 421ms (next.js: 70ms, application-code: 351ms)
 GET / 200 in 318ms (next.js: 51ms, application-code: 267ms)
 GET /verify 200 in 301ms (next.js: 10ms, application-code: 291ms)
 GET /login 200 in 417ms (next.js: 78ms, application-code: 339ms)
 GET / 200 in 302ms (next.js: 43ms, application-code: 259ms)
 GET /verify 200 in 295ms (next.js: 49ms, application-code: 245ms)
 GET /login 200 in 375ms (next.js: 46ms, application-code: 329ms)
 GET / 200 in 284ms (next.js: 65ms, application-code: 219ms)
 GET /verify 200 in 227ms (next.js: 9ms, application-code: 217ms)
 GET /login 200 in 332ms (next.js: 44ms, application-code: 288ms)
 GET / 200 in 284ms (next.js: 45ms, application-code: 239ms)
 GET /verify 200 in 231ms (next.js: 15ms, application-code: 216ms)
 GET /login 200 in 342ms (next.js: 41ms, application-code: 301ms)
 GET / 200 in 298ms (next.js: 37ms, application-code: 262ms)
 GET /verify 200 in 251ms (next.js: 13ms, application-code: 238ms)
 GET /login 200 in 326ms (next.js: 39ms, application-code: 287ms)
 GET / 200 in 254ms (next.js: 40ms, application-code: 214ms)
 GET /verify 200 in 180ms (next.js: 14ms, application-code: 166ms)
 GET /login 200 in 279ms (next.js: 65ms, application-code: 214ms)
 GET / 200 in 181ms (next.js: 54ms, application-code: 127ms)
 GET /verify 200 in 88ms (next.js: 9ms, application-code: 79ms)
 GET / 200 in 83ms (next.js: 46ms, application-code: 37ms)
 GET /admin/knowledge 200 in 56ms (next.js: 21ms, application-code: 35ms)
 GET /verify 200 in 142ms (next.js: 63ms, application-code: 79ms)
 GET /admin/knowledge 200 in 129ms (next.js: 89ms, application-code: 39ms)
 GET /login 200 in 146ms (next.js: 17ms, application-code: 129ms)
 GET /admin/users 200 in 651ms (next.js: 437ms, application-code: 213ms)
 GET / 200 in 37ms (next.js: 14ms, application-code: 23ms)
 GET /admin/knowledge 200 in 39ms (next.js: 12ms, application-code: 27ms)
 GET /admin/knowledge 200 in 159ms (next.js: 7ms, application-code: 151ms)
 GET /login 200 in 141ms (next.js: 50ms, application-code: 91ms)
 GET /login 200 in 79ms (next.js: 14ms, application-code: 66ms)
 GET /login 200 in 36ms (next.js: 9ms, application-code: 28ms)
 GET / 200 in 26ms (next.js: 6ms, application-code: 19ms)
 GET /admin/knowledge 200 in 45ms (next.js: 16ms, application-code: 29ms)
 GET /admin/users 200 in 34ms (next.js: 12ms, application-code: 22ms)
 GET /admin/users/902ac1ce-159d-4f61-a529-049ed8fb85f7 307 in 3.0s
 GET /admin/users/902ac1ce-159d-4f61-a529-049ed8fb85f7 307 in 16ms
 GET /admin/users/902ac1ce-159d-4f61-a529-049ed8fb85f7 307 in 751ms
 GET /admin/users/902ac1ce-159d-4f61-a529-049ed8fb85f7 307 in 10ms
 GET /admin/users/902ac1ce-159d-4f61-a529-049ed8fb85f7 307 in 770ms
 GET /admin/users/902ac1ce-159d-4f61-a529-049ed8fb85f7 307 in 14ms
 GET /admin/users/902ac1ce-159d-4f61-a529-049ed8fb85f7 307 in 783ms
 GET /admin/users/902ac1ce-159d-4f61-a529-049ed8fb85f7 307 in 10ms
 GET /admin/users/902ac1ce-159d-4f61-a529-049ed8fb85f7 307 in 759ms
 GET /admin/users/902ac1ce-159d-4f61-a529-049ed8fb85f7 307 in 10ms
 GET /admin/users/902ac1ce-159d-4f61-a529-049ed8fb85f7 307 in 756ms
 GET /admin/users/902ac1ce-159d-4f61-a529-049ed8fb85f7 307 in 10ms
 GET /admin/users/902ac1ce-159d-4f61-a529-049ed8fb85f7 307 in 765ms
 GET /admin/users/902ac1ce-159d-4f61-a529-049ed8fb85f7 307 in 11ms
 GET /admin/users/902ac1ce-159d-4f61-a529-049ed8fb85f7 307 in 764ms
 GET /admin/users/902ac1ce-159d-4f61-a529-049ed8fb85f7 307 in 10ms
 GET /admin/users/902ac1ce-159d-4f61-a529-049ed8fb85f7 307 in 762ms
 GET /admin/users/902ac1ce-159d-4f61-a529-049ed8fb85f7 307 in 10ms
 GET /admin/users/902ac1ce-159d-4f61-a529-049ed8fb85f7 307 in 738ms
 GET /admin/users/902ac1ce-159d-4f61-a529-049ed8fb85f7 307 in 10ms
 GET /admin/users/902ac1ce-159d-4f61-a529-049ed8fb85f7 307 in 749ms
 GET /admin/users/902ac1ce-159d-4f61-a529-049ed8fb85f7 500 in 1039ms (next.js: 815ms, application-code: 224ms)
 GET /admin/users 200 in 131ms (next.js: 25ms, application-code: 107ms)
 GET /admin/users/902ac1ce-159d-4f61-a529-049ed8fb85f7 307 in 823ms
 GET /admin/users/902ac1ce-159d-4f61-a529-049ed8fb85f7 307 in 10ms
 GET /admin/users/902ac1ce-159d-4f61-a529-049ed8fb85f7 307 in 751ms
 GET /admin/users/902ac1ce-159d-4f61-a529-049ed8fb85f7 307 in 10ms
 GET /admin/users/902ac1ce-159d-4f61-a529-049ed8fb85f7 307 in 768ms
 GET /admin/users/902ac1ce-159d-4f61-a529-049ed8fb85f7 307 in 10ms
 GET /admin/users/902ac1ce-159d-4f61-a529-049ed8fb85f7 307 in 743ms
 GET /admin/users/902ac1ce-159d-4f61-a529-049ed8fb85f7 307 in 9ms
 GET /admin/users/902ac1ce-159d-4f61-a529-049ed8fb85f7 307 in 762ms
 GET /admin/users/902ac1ce-159d-4f61-a529-049ed8fb85f7 307 in 10ms
 GET /admin/users/902ac1ce-159d-4f61-a529-049ed8fb85f7 307 in 728ms
 GET /admin/users/902ac1ce-159d-4f61-a529-049ed8fb85f7 307 in 9ms
 GET /admin/users/902ac1ce-159d-4f61-a529-049ed8fb85f7 307 in 759ms
 GET /admin/users/902ac1ce-159d-4f61-a529-049ed8fb85f7 307 in 10ms
 GET /admin/users/902ac1ce-159d-4f61-a529-049ed8fb85f7 307 in 755ms
 GET /admin/users/902ac1ce-159d-4f61-a529-049ed8fb85f7 307 in 10ms
 GET /admin/users/902ac1ce-159d-4f61-a529-049ed8fb85f7 307 in 748ms
 GET /admin/users/902ac1ce-159d-4f61-a529-049ed8fb85f7 307 in 10ms
 GET /admin/users/902ac1ce-159d-4f61-a529-049ed8fb85f7 307 in 739ms
 GET /admin/users/902ac1ce-159d-4f61-a529-049ed8fb85f7 307 in 12ms
 GET /admin/users/902ac1ce-159d-4f61-a529-049ed8fb85f7 307 in 750ms
 GET /admin/users/902ac1ce-159d-4f61-a529-049ed8fb85f7 500 in 755ms (next.js: 741ms, application-code: 14ms)
▲ Next.js 16.3.0 (Turbopack)
- Local:         http://localhost:3000
- Network:       http://11.0.0.110:3000
- Environments: .env.local, .env.development
✓ Ready in 861ms
✓ Running next.config.mjs took 31ms
Creating turbopack project { dir: 'C:\\wamp64\\www\\robert_ai\\frontend', testMode: true }

 GET /login 200 in 1149ms (next.js: 720ms, application-code: 429ms)
 GET /admin/users/902ac1ce-159d-4f61-a529-049ed8fb85f7 200 in 1839ms (next.js: 1648ms, application-code: 191ms)
 GET /admin/users/00000000-0000-0000-0000-000000000001 200 in 87ms (next.js: 35ms, application-code: 51ms)
 GET /admin/users 200 in 85ms (next.js: 51ms, application-code: 34ms)
 GET / 200 in 301ms (next.js: 50ms, application-code: 251ms)
 GET /admin/users 200 in 89ms (next.js: 11ms, application-code: 78ms)
 GET /admin/users 200 in 71ms (next.js: 12ms, application-code: 58ms)
 GET /admin/users/902ac1ce-159d-4f61-a529-049ed8fb85f7 200 in 63ms (next.js: 26ms, application-code: 37ms)
 GET /admin/users 200 in 41ms (next.js: 13ms, application-code: 29ms)
 GET /admin/knowledge 200 in 79ms (next.js: 46ms, application-code: 34ms)
 GET /admin/users 200 in 40ms (next.js: 13ms, application-code: 27ms)
 GET /admin/knowledge 200 in 39ms (next.js: 12ms, application-code: 27ms)
 GET / 200 in 33ms (next.js: 8ms, application-code: 25ms)
✓ Compiled in 467ms
 GET / 200 in 134ms (next.js: 25ms, application-code: 109ms)
 GET / 200 in 113ms (next.js: 75ms, application-code: 38ms)
 GET /login 200 in 137ms (next.js: 63ms, application-code: 74ms)
 GET / 200 in 160ms (next.js: 7ms, application-code: 153ms)
 GET /admin/knowledge 200 in 44ms (next.js: 10ms, application-code: 34ms)
 GET /admin/users 200 in 42ms (next.js: 14ms, application-code: 29ms)
 GET /admin/users 200 in 74ms (next.js: 20ms, application-code: 54ms)
 GET /admin/users 200 in 61ms (next.js: 12ms, application-code: 49ms)
✓ Compiled in 187ms
 GET /admin/users 500 in 1001ms (next.js: 746ms, application-code: 255ms)
✓ Compiled in 254ms
 GET /login 200 in 193ms (next.js: 18ms, application-code: 175ms)
 GET /admin/users 200 in 122ms (next.js: 22ms, application-code: 100ms)
 GET / 200 in 121ms (next.js: 82ms, application-code: 39ms)
✓ Compiled in 300ms
 GET /admin/users 200 in 71ms (next.js: 14ms, application-code: 57ms)
✓ Compiled in 272ms
 GET /admin/users 200 in 61ms (next.js: 10ms, application-code: 50ms)
✓ Compiled in 281ms
 GET /admin/knowledge 200 in 43ms (next.js: 12ms, application-code: 30ms)
 GET /admin/knowledge 200 in 188ms (next.js: 84ms, application-code: 104ms)
 GET /login 200 in 194ms (next.js: 33ms, application-code: 160ms)
 GET / 200 in 66ms (next.js: 13ms, application-code: 53ms)
 GET /admin/users 200 in 126ms (next.js: 63ms, application-code: 64ms)
 GET / 200 in 140ms (next.js: 20ms, application-code: 120ms)
 GET /health-assessment 200 in 367ms (next.js: 236ms, application-code: 130ms)
 GET / 200 in 62ms (next.js: 18ms, application-code: 45ms)
 GET /admin/users 200 in 99ms (next.js: 21ms, application-code: 78ms)
 GET /admin/knowledge 200 in 96ms (next.js: 21ms, application-code: 75ms)
 GET / 200 in 61ms (next.js: 19ms, application-code: 42ms)
 GET /admin/knowledge 200 in 82ms (next.js: 21ms, application-code: 62ms)
 GET /admin/users 200 in 72ms (next.js: 30ms, application-code: 42ms)
  Reload env: .env.development
✓ Compiled in 238ms
 GET /admin/users 200 in 809ms (next.js: 376ms, application-code: 433ms)
 GET /login 200 in 1849ms (next.js: 824ms, application-code: 1025ms)
 GET / 200 in 810ms (next.js: 417ms, application-code: 393ms)
 GET / 200 in 809ms (next.js: 449ms, application-code: 360ms)
✓ Compiled in 115ms
 GET /admin/users 200 in 384ms (next.js: 15ms, application-code: 369ms)
 GET /login 200 in 913ms (next.js: 491ms, application-code: 423ms)
 GET / 200 in 392ms (next.js: 100ms, application-code: 292ms)
 GET / 200 in 393ms (next.js: 66ms, application-code: 327ms)
 GET /admin/users 200 in 426ms (next.js: 15ms, application-code: 412ms)
 GET /login 200 in 623ms (next.js: 154ms, application-code: 469ms)
 GET / 200 in 430ms (next.js: 72ms, application-code: 358ms)
 GET / 200 in 422ms (next.js: 103ms, application-code: 319ms)
 GET / 200 in 258ms (next.js: 98ms, application-code: 160ms)
 GET / 200 in 262ms (next.js: 65ms, application-code: 197ms)
 GET /admin/users 200 in 260ms (next.js: 191ms, application-code: 69ms)
 GET /login 200 in 265ms (next.js: 151ms, application-code: 113ms)
✓ Compiled in 125ms
 GET /admin/users 200 in 166ms (next.js: 15ms, application-code: 151ms)
 GET /login 200 in 218ms (next.js: 14ms, application-code: 204ms)
 GET / 200 in 168ms (next.js: 114ms, application-code: 54ms)
 GET / 200 in 171ms (next.js: 69ms, application-code: 102ms)
✓ Compiled in 119ms
 GET /admin/users 200 in 183ms (next.js: 13ms, application-code: 170ms)
 GET /login 200 in 235ms (next.js: 18ms, application-code: 218ms)
 GET / 200 in 186ms (next.js: 80ms, application-code: 106ms)
 GET / 200 in 187ms (next.js: 118ms, application-code: 69ms)
✓ Compiled in 98ms
 GET /admin/users 200 in 183ms (next.js: 31ms, application-code: 152ms)
 GET / 200 in 184ms (next.js: 72ms, application-code: 112ms)
 GET /login 200 in 240ms (next.js: 16ms, application-code: 223ms)
 GET / 200 in 186ms (next.js: 116ms, application-code: 69ms)
 GET / 200 in 172ms (next.js: 22ms, application-code: 149ms)
 GET /admin/users 200 in 172ms (next.js: 92ms, application-code: 80ms)
 GET / 200 in 154ms (next.js: 119ms, application-code: 35ms)
 GET /login 200 in 178ms (next.js: 61ms, application-code: 117ms)
 GET /admin/users 200 in 177ms (next.js: 53ms, application-code: 124ms)
 GET / 200 in 90ms (next.js: 14ms, application-code: 77ms)
 GET /login 200 in 182ms (next.js: 25ms, application-code: 157ms)
 GET / 200 in 92ms (next.js: 55ms, application-code: 37ms)
 GET / 200 in 146ms (next.js: 15ms, application-code: 131ms)
 GET /admin/users 200 in 145ms (next.js: 62ms, application-code: 83ms)
 GET /login 200 in 199ms (next.js: 14ms, application-code: 184ms)
 GET / 200 in 148ms (next.js: 97ms, application-code: 51ms)
 GET /admin/users 200 in 1073ms (next.js: 37ms, application-code: 1036ms)
 GET / 200 in 1027ms (next.js: 35ms, application-code: 992ms)
 GET / 200 in 204ms (next.js: 25ms, application-code: 178ms)
 GET /login 200 in 208ms (next.js: 61ms, application-code: 147ms)
 GET / 200 in 106ms (next.js: 15ms, application-code: 91ms)
 GET /admin/users 200 in 106ms (next.js: 56ms, application-code: 49ms)
 GET / 200 in 129ms (next.js: 61ms, application-code: 68ms)
 GET /admin/users 200 in 132ms (next.js: 90ms, application-code: 42ms)
 GET / 200 in 167ms (next.js: 68ms, application-code: 99ms)
 GET /login 200 in 182ms (next.js: 15ms, application-code: 167ms)
✓ Compiled in 181ms
 GET / 200 in 157ms (next.js: 21ms, application-code: 137ms)
 GET /login 200 in 220ms (next.js: 21ms, application-code: 199ms)
 GET / 200 in 143ms (next.js: 58ms, application-code: 85ms)
 GET /admin/users 200 in 113ms (next.js: 63ms, application-code: 49ms)
